Linux version 2.6.35.3-571-gcca29a0 (vmuser@vmhost) (gcc version 4.4.4 (4.4.4_09.06.2010) ) #17 PREEMPT Wed Apr 29 16:00:02 CST 2015
CPU: ARM926EJ-S [41069265] revision 5 (ARMv5TEJ), cr=00053177
CPU: VIVT data cache, VIVT instruction cache
Machine: Freescale MX28EVK board
Memory policy: ECC disabled, Data cache writeback
On node 0 totalpages: 32768
free_area_init_node: node 0, pgdat c051a11c, node_mem_map c0564000
  DMA zone: 32 pages used for memmap
  DMA zone: 0 pages reserved
  DMA zone: 4064 pages, LIFO batch:0
  Normal zone: 224 pages used for memmap
  Normal zone: 28448 pages, LIFO batch:7
Built 1 zonelists in Zone order, mobility grouping on.  Total pages: 32512
Kernel command line: gpmi=g console=ttyAM0,115200n8  ubi.mtd=1 root=ubi0:rootfs rootfstype=ubifs fec_mac= ethact mem=128M 
PID hash table entries: 512 (order: -1, 2048 bytes)
Dentry cache hash table entries: 16384 (order: 4, 65536 bytes)
Inode-cache hash table entries: 8192 (order: 3, 32768 bytes)
Memory: 128MB = 128MB total
Memory: 124428k/124428k available, 6644k reserved, 0K highmem
Virtual kernel memory layout:
    vector  : 0xffff0000 - 0xffff1000   (   4 kB)
    fixmap  : 0xfff00000 - 0xfffe0000   ( 896 kB)
    DMA     : 0xfde00000 - 0xffe00000   (  32 MB)
    vmalloc : 0xc8800000 - 0xf0000000   ( 632 MB)
    lowmem  : 0xc0000000 - 0xc8000000   ( 128 MB)
    modules : 0xbf000000 - 0xc0000000   (  16 MB)
      .init : 0xc0008000 - 0xc0030000   ( 160 kB)
      .text : 0xc0030000 - 0xc04dd000   (4788 kB)
      .data : 0xc04de000 - 0xc051ab00   ( 243 kB)
SLUB: Genslabs=11, HWalign=32, Order=0-3, MinObjects=0, CPUs=1, Nodes=1
Hierarchical RCU implementation.
        RCU-based detection of stalled CPUs is disabled.
        Verbose stalled-CPUs detection is disabled.
NR_IRQS:288
Console: colour dummy device 80x30
console [ttyAM0] enabled
Calibrating delay loop... 226.09 BogoMIPS (lpj=1130496)
pid_max: default: 32768 minimum: 301
Security Framework initialized
Mount-cache hash table entries: 512
CPU: Testing write buffer coherency: ok
regulator: core version 0.5
NET: Registered protocol family 16
regulator: vddd: 800 <--> 1575 mV at 1500 mV fast normal 
regulator: vdddbo: 800 <--> 1575 mV fast normal 
regulator: vdda: 1500 <--> 2275 mV at 1800 mV fast normal 
vddio = 3380000, val=10
regulator: vddio: 2880 <--> 3680 mV at 3380 mV fast normal 
regulator: overall_current: fast normal 
regulator: vbus5v: 
regulator: mxs-duart-1: fast normal 
regulator: mxs-bl-1: fast normal 
regulator: mxs-i2c-1: fast normal 
regulator: mmc_ssp-1: fast normal 
regulator: mmc_ssp-2: fast normal 
regulator: charger-1: fast normal 
regulator: power-test-1: fast normal 
regulator: cpufreq-1: fast normal 
**kernel for EasyARM-i.MX283 
i.MX IRAM pool: 120 KB@0xc8820000
Initializing GPMI pins
add device pwm chanel 4
add device pwm chanel 7
usb DR wakeup device is registered
IMX usb wakeup probe
the wakeup pdata is 0xc04e6bd4
audit: cannot initialize inotify handle
bio: create slab <bio-0> at 0
SCSI subsystem initialized
Freescale USB OTG Driver loaded, $Revision: 1.55 $
usbcore: registered new interface driver usbfs
usbcore: registered new interface driver hub
usbcore: registered new device driver usb
Switching to clocksource mxs clock source
Boot process: init
NET: Registered protocol family 2
IP route cache hash table entries: 1024 (order: 0, 4096 bytes)
TCP established hash table entries: 4096 (order: 3, 32768 bytes)
TCP bind hash table entries: 4096 (order: 2, 16384 bytes)
TCP: Hash tables configured (established 4096 bind 4096)
TCP reno registered
UDP hash table entries: 256 (order: 0, 4096 bytes)
UDP-Lite hash table entries: 256 (order: 0, 4096 bytes)
NET: Registered protocol family 1
RPC: Registered udp transport module.
RPC: Registered tcp transport module.
RPC: Registered tcp NFSv4.1 backchannel transport module.
Bus freq driver module loaded
IMX usb wakeup probe
the wakeup pdata is 0xc04e7084
usb h1 wakeup device is registered
mxs_cpu_init: cpufreq init finished
audit: initializing netlink socket (disabled)
type=2000 audit(0.600:1): initialized
VFS: Disk quotas dquot_6.5.2
Dquot-cache hash table entries: 1024 (order 0, 4096 bytes)
JFFS2 version 2.2. (NAND) Â© 2001-2006 Red Hat, Inc.
msgmni has been set to 243
alg: No test for stdrng (krng)
cryptodev: driver loaded.
Block layer SCSI generic (bsg) driver version 0.4 loaded (major 253)
io scheduler noop registered
io scheduler deadline registered
io scheduler cfq registered (default)
baclight_device easy283-pwm.4 register succcessed 
init_pwm ch 4
baclight_device easy283-pwm.7 register succcessed 
init_pwm ch 7
set dclk 8000000 Hz,real lcd clk=8000000 Hz
Console: switching to colour frame buffer device 60x34
set dclk 8000000 Hz,real lcd clk=8000000 Hz
mxs-duart.0: ttyAM0 at MMIO 0x80074000 (irq = 47) is a DebugUART
mxs-auart.0: ttySP0 at MMIO 0x8006a000 (irq = 112) is a mxs-auart.0
Found APPUART 3.1.0
mxs-auart.1: ttySP1 at MMIO 0x8006c000 (irq = 113) is a mxs-auart.1
Found APPUART 3.1.0
mxs-auart.2: ttySP2 at MMIO 0x8006e000 (irq = 114) is a mxs-auart.2
Found APPUART 3.1.0
mxs-auart.3: ttySP3 at MMIO 0x80070000 (irq = 115) is a mxs-auart.3
Found APPUART 3.1.0
mxs-auart.4: ttySP4 at MMIO 0x80072000 (irq = 116) is a mxs-auart.4
Found APPUART 3.1.0
brd: module loaded
loop: module loaded
i.MX GPMI NFC
NFC: Version 1, 8-chip GPMI and BCH
Boot ROM: Version 1, Single-chip boot area, block mark swapping supported
Scanning for NAND Flash chips...
NAND device: Manufacturer ID: 0xc2, Chip ID: 0xf1 (Macronix NAND 128MiB 3,3V 8-bit)
-----------------------------
NAND Flash Device Information
-----------------------------
Manufacturer      : Macronix (0xc2)
Device Code       : 0xf1
Cell Technology   : SLC
Chip Size         : 128 MiB
Pages per Block   : 64
Page Geometry     : 2048+64
ECC Strength      : 4 bits
ECC Size          : 512 B
Data Setup Time   : 5 ns
Data Hold Time    : 5 ns
Address Setup Time: 20 ns
GPMI Sample Delay : 6 ns
tREA              : Unknown
tRLOH             : Unknown
tRHOH             : Unknown
Description       : ZLGFlash
-----------------
Physical Geometry
-----------------
Chip Count             : 1
Page Data Size in Bytes: 2048 (0x800)
Page OOB Size in Bytes : 64
Block Size in Bytes    : 131072 (0x20000)
Block Size in Pages    : 64 (0x40)
Chip Size in Bytes     : 134217728 (0x8000000)
Chip Size in Pages     : 65536 (0x10000)
Chip Size in Blocks    : 1024 (0x400)
Medium Size in Bytes   : 134217728 (0x8000000)
------------
NFC Geometry
------------
ECC Algorithm          : BCH
ECC Strength           : 8
Page Size in Bytes     : 2112
Metadata Size in Bytes : 10
ECC Chunk Size in Bytes: 512
ECC Chunk Count        : 4
Payload Size in Bytes  : 2048
Auxiliary Size in Bytes: 16
Auxiliary Status Offset: 12
Block Mark Byte Offset : 1999
Block Mark Bit Offset  : 0
-----------------
Boot ROM Geometry
-----------------
Boot Area Count            : 1
Boot Area Size in Bytes    : 20971520 (0x1400000)
Stride Size in Pages       : 64
Search Area Stride Exponent: 2
Scanning device for bad blocks
Boot area protection is enabled.
Creating 2 MTD partitions on "gpmi-nfc-main":
0x000000000000-0x000001400000 : "gpmi-nfc-0-boot"
0x000001400000-0x000008000000 : "gpmi-nfc-general-use"
UBI: attaching mtd1 to ubi0
UBI: physical eraseblock size:   131072 bytes (128 KiB)
UBI: logical eraseblock size:    126976 bytes
UBI: smallest flash I/O unit:    2048
UBI: VID header offset:          2048 (aligned 2048)
UBI: data offset:                4096
UBI: attached mtd1 to ubi0
UBI: MTD device name:            "gpmi-nfc-general-use"
UBI: MTD device size:            108 MiB
UBI: number of good PEBs:        864
UBI: number of bad PEBs:         0
UBI: max. allowed volumes:       128
UBI: wear-leveling threshold:    4096
UBI: number of internal volumes: 1
UBI: number of user volumes:     1
UBI: available PEBs:             143
UBI: total number of reserved PEBs: 721
UBI: number of PEBs reserved for bad PEB handling: 8
UBI: max/mean erase counter: 2/1
UBI: image sequence number: 0
UBI: background thread "ubi_bgt0d" started, PID 1033
 ubiblka: unknown partition table
mxs-spi mxs-spi.0: Max possible speed 24000 = 24000000/2 kHz
mxs-spi mxs-spi.0: at 0x80016000 mapped to 0xF0016000, irq=85, bus 1, PIO ver_major 4
Freescale FlexCAN Driver 
FEC Ethernet Driver
fec_enet_mii_bus: probed
ehci_hcd: USB 2.0 'Enhanced' Host Controller (EHCI) Driver
fsl-ehci fsl-ehci: Freescale On-Chip EHCI Host Controller
fsl-ehci fsl-ehci: new USB bus registered, assigned bus number 1
fsl-ehci fsl-ehci: irq 93, io base 0x80080000
fsl-ehci fsl-ehci: USB 2.0 started, EHCI 1.00
hub 1-0:1.0: USB hub found
hub 1-0:1.0: 1 port detected
fsl-ehci fsl-ehci.0: Freescale On-Chip EHCI Host Controller
fsl-ehci fsl-ehci.0: new USB bus registered, assigned bus number 2
fsl-ehci fsl-ehci.0: irq 92, io base 0x80090000
fsl-ehci fsl-ehci.0: USB 2.0 started, EHCI 1.00
hub 2-0:1.0: USB hub found
hub 2-0:1.0: 1 port detected
Initializing USB Mass Storage driver...
usbcore: registered new interface driver usb-storage
USB Mass Storage support registered.
ARC USBOTG Device Controller driver (1 August 2005)
input: MXS touchscreen as /devices/virtual/input/input0
MXS RTC driver v1.0 hardware v2.3.0
mxs-rtc mxs-rtc.0: rtc core: registered mxs-rtc as rtc0
i2c /dev entries driver
IR NEC protocol handler initialized
IR RC5(x) protocol handler initialized
IR RC6 protocol handler initialized
IR JVC protocol handler initialized
IR Sony protocol handler initialized
Linux video capture interface: v2.00
mxs-pxp mxs-pxp.0: initialized
usbcore: registered new interface driver uvcvideo
USB Video Class driver (v0.1.0)
mxs watchdog: initialized, heartbeat 19 sec
cpuidle: using governor ladder
cpuidle: using governor menu
mxs-mmc: MXS SSP Controller MMC Interface driver
mxs-mmc mxs-mmc.0: mmc0: MXS SSP MMC DMAIRQ 82 ERRIRQ 96 
Registered led device: led-run
Registered led device: led-err
Registered led device: beep
dcp dcp.0: DCP crypto enabled.!
usbcore: registered new interface driver usbhid
usbhid: USB HID core driver
TCP cubic registered
NET: Registered protocol family 17
can: controller area network core (rev 20090105 abi 8)
NET: Registered protocol family 29
can: raw protocol (rev 20090105)
lib80211: common routines for IEEE802.11 drivers
lib80211_crypt: registered algorithm 'NULL'
mxs-rtc mxs-rtc.0: setting system clock to 1970-01-01 00:15:13 UTC (913)
UBIFS: mounted UBI device 0, volume 0, name "rootfs"
UBIFS: file system size:   88756224 bytes (86676 KiB, 84 MiB, 699 LEBs)
UBIFS: journal size:       4444160 bytes (4340 KiB, 4 MiB, 35 LEBs)
UBIFS: media format:       w4/r0 (latest is w4/r0)
UBIFS: default compressor: lzo
UBIFS: reserved for root:  4192175 bytes (4093 KiB)
VFS: Mounted root (ubifs filesystem) on device 0:14.
Freeing init memory: 160K
ehci_fsl_bus_suspend, DR
ehci_fsl_bus_suspend, Host 1
eth0: Freescale FEC PHY driver [Generic PHY] (mii_bus:phy_addr=0:05, irq=-1)
PHY: 0:05 - Link is Up - 100/Full